// Vitest Snapshot v1

exports[`Given filter headline element > should renders correctly 1`] = `
<div>
  <h2
    as="h2"
    className="text-s2 mb-4"
  >
    Test title
  </h2>
  <div
    className="flex flex-row items-center"
  >
    <input
      checked={false}
      className="mr-4"
      onChange={[Function]}
      type="checkbox"
      value="test"
    />
    <h5
      as="h5"
      className="text-s5 truncate"
    >
      test
    </h5>
  </div>
  <div
    className="flex flex-row items-center"
  >
    <input
      checked={true}
      className="mr-4"
      onChange={[Function]}
      type="checkbox"
      value="test 2 "
    />
    <h5
      as="h5"
      className="text-s5 truncate"
    >
      test 2 
    </h5>
  </div>
</div>
`;
